c:\users\alberto\source\repos\grotesk\grotesk\x64\release\vc143.pdb
c:\users\alberto\source\repos\grotesk\grotesk\x64\release\vk_renderer.obj
c:\users\alberto\source\repos\grotesk\grotesk\x64\release\vk_pipelines.obj
c:\users\alberto\source\repos\grotesk\grotesk\x64\release\vk_loader.obj
c:\users\alberto\source\repos\grotesk\grotesk\x64\release\vk_initializers.obj
c:\users\alberto\source\repos\grotesk\grotesk\x64\release\vk_images.obj
c:\users\alberto\source\repos\grotesk\grotesk\x64\release\vk_engine.obj
c:\users\alberto\source\repos\grotesk\grotesk\x64\release\vk_descriptors.obj
c:\users\alberto\source\repos\grotesk\grotesk\x64\release\vk_util.obj
c:\users\alberto\source\repos\grotesk\grotesk\x64\release\vk_scene.obj
c:\users\alberto\source\repos\grotesk\grotesk\x64\release\vk_ecs.obj
c:\users\alberto\source\repos\grotesk\grotesk\x64\release\main.obj
c:\users\alberto\source\repos\grotesk\grotesk\x64\release\imgui_widgets.obj
c:\users\alberto\source\repos\grotesk\grotesk\x64\release\imgui_tables.obj
c:\users\alberto\source\repos\grotesk\grotesk\x64\release\imgui_impl_vulkan.obj
c:\users\alberto\source\repos\grotesk\grotesk\x64\release\imgui_impl_sdl3.obj
c:\users\alberto\source\repos\grotesk\grotesk\x64\release\imgui_draw.obj
c:\users\alberto\source\repos\grotesk\grotesk\x64\release\imgui_demo.obj
c:\users\alberto\source\repos\grotesk\grotesk\x64\release\imgui.obj
c:\users\alberto\source\repos\grotesk\grotesk\x64\release\camera.obj
c:\users\alberto\source\repos\grotesk\x64\release\grotesk.exe
c:\users\alberto\source\repos\grotesk\grotesk\x64\release\grotesk.tlog\cl.command.1.tlog
c:\users\alberto\source\repos\grotesk\grotesk\x64\release\grotesk.tlog\cl.read.1.tlog
c:\users\alberto\source\repos\grotesk\grotesk\x64\release\grotesk.tlog\cl.write.1.tlog
c:\users\alberto\source\repos\grotesk\grotesk\x64\release\grotesk.tlog\link.command.1.tlog
c:\users\alberto\source\repos\grotesk\grotesk\x64\release\grotesk.tlog\link.read.1.tlog
